[     150ms] [LOG] Loading CSV from: EURUSD_M5_202603020000_202603170000.csv @ http://localhost:8080/tools/index6.js?v=18:565
[     256ms] [LOG] CSV loaded and cached, length: 190132 rows: 3169 @ http://localhost:8080/tools/index6.js?v=18:579
[     342ms] [LOG] Defaulting to SciChart Community Edition. Usage constitutes acceptance of our EULA and terms at https://www.scichart.com/community-licensing. See https://store.scichart.com for commercial licensing options. @ https://cdn.jsdelivr.net/npm/scichart@4.0.933/index.min.js:0
[     342ms] [LOG] The community license is valid for 6 months from the date the version in use was released.  This version 4.0.933 has 74 days remaining @ https://cdn.jsdelivr.net/npm/scichart@4.0.933/index.min.js:0
[     342ms] [LOG] SciChart is looking for a paid developer activation from the scichart licensing wizard... To disable this call SciChartSurface.UseCommunityLicense() @ https://cdn.jsdelivr.net/npm/scichart@4.0.933/index.min.js:0
[     365ms] [ERROR] Failed to load resource: net::ERR_CONNECTION_REFUSED @ http://localhost:24278/license:0
[    5368ms] [ERROR] Failed to load resource: net::ERR_CONNECTION_REFUSED @ http://localhost:24278/license:0
[   10372ms] [ERROR] Failed to load resource: net::ERR_CONNECTION_REFUSED @ http://localhost:24278/license:0
[   15375ms] [ERROR] Failed to load resource: net::ERR_CONNECTION_REFUSED @ http://localhost:24278/license:0
[   18527ms] [LOG] Fast mode unchecked for chart test @ :4
[   20378ms] [ERROR] Failed to load resource: net::ERR_CONNECTION_REFUSED @ http://localhost:24278/license:0
[   25382ms] [ERROR] Failed to load resource: net::ERR_CONNECTION_REFUSED @ http://localhost:24278/license:0
[   30390ms] [ERROR] Failed to load resource: net::ERR_CONNECTION_REFUSED @ http://localhost:24278/license:0
[   35392ms] [ERROR] Failed to load resource: net::ERR_CONNECTION_REFUSED @ http://localhost:24278/license:0
[   38251ms] [LOG] 2026.03.02 @ http://localhost:8080/tools/index6.js?v=18:2678
[   38252ms] [WARNING] Data Distribution flag (BaseDataSeries.containsNaN = false) can be applied to improve performance. Read this website article https://www.scichart.com/documentation/js/current/DataSeries_Resampling.html for more info. To disable this warning set SciChartDefaults.performanceWarnings = false @ https://cdn.jsdelivr.net/npm/scichart@4.0.933/index.min.js:0
[   38252ms] [WARNING] Data Distribution flag (BaseDataSeries.isSorted = true) can be applied to improve performance. Read this website article https://www.scichart.com/documentation/js/current/DataSeries_Resampling.html for more info. To disable this warning set SciChartDefaults.performanceWarnings = false @ https://cdn.jsdelivr.net/npm/scichart@4.0.933/index.min.js:0
[   39134ms] TypeError: Cannot read properties of undefined (reading 'split')
    at resultToCSV (http://localhost:8080/tools/index6.js?v=18:2071:65)
    at profitabilityCalculation (http://localhost:8080/tools/index6.js?v=18:2123:37)
    at closeOrder (http://localhost:8080/tools/index6.js?v=18:1509:13)
    at http://localhost:8080/tools/index6.js?v=18:1675:13
    at Array.forEach (<anonymous>)
    at checkForTPSLHit (http://localhost:8080/tools/index6.js?v=18:1450:22)
    at step (http://localhost:8080/tools/index6.js?v=18:1103:9)
    at https://cdnjs.cloudflare.com/ajax/libs/PapaParse/5.3.0/papaparse.min.js:7:11145
    at S (https://cdnjs.cloudflare.com/ajax/libs/PapaParse/5.3.0/papaparse.min.js:7:17252)
    at w.parse (https://cdnjs.cloudflare.com/ajax/libs/PapaParse/5.3.0/papaparse.min.js:7:15406)
[   40395ms] [ERROR] Failed to load resource: net::ERR_CONNECTION_REFUSED @ http://localhost:24278/license:0
[   45400ms] [ERROR] Failed to load resource: net::ERR_CONNECTION_REFUSED @ http://localhost:24278/license:0
[   45400ms] [LOG] Failed to connect to licensing wizard. Refresh page to retry. @ https://cdn.jsdelivr.net/npm/scichart@4.0.933/index.min.js:0
