[ 1294317ms] [ERROR] Failed to load resource: the server responded with a status of 404 (Not Found) @ http://localhost:8000/en/index6.html/:0
[ 1294802ms] [ERROR] Failed to load resource: the server responded with a status of 404 (Not Found) @ http://localhost:8000/en/favicon.ico/:0
[ 1301532ms] [ERROR] Failed to load resource: net::ERR_CONNECTION_REFUSED @ http://qdl.pr.dengun.net/uploads/media/c941e97f94a9f7d3f1aecc72652b7e68.png:0
[ 1301578ms] [ERROR] Failed to load resource: net::ERR_CONNECTION_REFUSED @ http://qdl.pr.dengun.net/uploads/media/cache/eafd7e2692f78ab219ef9711d1ef6448_mobile_slider.jpg:0
[ 1301619ms] [ERROR] Failed to load resource: the server responded with a status of 404 (Not Found) @ http://localhost:8000/static/javascripts/initPropertyImages.js?t=1777454082207:0
[ 1301721ms] [ERROR] Failed to load resource: the server responded with a status of 404 () @ https://consent.cookiefirst.com/sites/localhost-a58fca67-205b-4d8c-8aeb-9e17b45afc58/version.json?v=1777562641432:0
[ 1301721ms] [ERROR] xe: [CF] Request to https://consent.cookiefirst.com/sites/localhost-a58fca67-205b-4d8c-8aeb-9e17b45afc58/version.json?v=1777562641432 failed: 404
    at o (https://consent.cookiefirst.com/consentBanner.no-autoblock.js:2:4884)
    at https://consent.cookiefirst.com/consentBanner.no-autoblock.js:2:5083 0 [xe: [CF] Request to https://consent.cookiefirst.com/sites/localhost-a58fca67-205b-4d8c-8aeb-9e17b45…] @ https://consent.cookiefirst.com/consentBanner.no-autoblock.js:1
[ 1301722ms] Error: [CF] Failed to load configs, check API key
    at https://consent.cookiefirst.com/consentBanner.no-autoblock.js:2:19674
[ 1301866ms] [ERROR] Failed to load resource: the server responded with a status of 404 (Not Found) @ http://localhost:8000/en/uploads/media/cd0001d31851ece9cf57d5dd25725096_yxIn8TX.jpg/:0
[ 1301869ms] [ERROR] Failed to load resource: net::ERR_CONNECTION_REFUSED @ http://qdl.pr.dengun.net/uploads/media/ed69b99f387e2d697fabc784a3bdb169_8fWsed0.png:0
[ 1301869ms] [ERROR] Failed to load resource: net::ERR_CONNECTION_REFUSED @ http://qdl.pr.dengun.net/uploads/media/cache/8ab5cfe7fefee0dbdfdddf8ec836a513_mobile_slider.jpg:0
[ 1301869ms] [ERROR] Failed to load resource: net::ERR_CONNECTION_REFUSED @ http://qdl.pr.dengun.net/uploads/media/4599a64e38a1e4923bd88378776f43b7.jpg:0
[ 1301869ms] [ERROR] Failed to load resource: net::ERR_CONNECTION_REFUSED @ http://qdl.pr.dengun.net/uploads/media/f9d0bc7195ace548337ccab6d5012fde_jlLLvCt.png:0
[ 1301869ms] [ERROR] Failed to load resource: net::ERR_CONNECTION_REFUSED @ http://qdl.pr.dengun.net/uploads/media/10eaae4e2d6a550c291d03398b856a57.jpg:0
[ 1301869ms] [ERROR] Failed to load resource: net::ERR_CONNECTION_REFUSED @ http://qdl.pr.dengun.net/uploads/media/4b9ffd5df6d8d47205c8bcfeeb46b403.jpg:0
[ 1301907ms] [ERROR] Failed to load resource: net::ERR_CONNECTION_REFUSED @ http://qdl.pr.dengun.net/uploads/media/c50d705992570dbd2becaeae7b6eb323_tBeNhVX.jpg:0
[ 1301907ms] [ERROR] Failed to load resource: net::ERR_CONNECTION_REFUSED @ http://qdl.pr.dengun.net/uploads/media/fcd771ed657c4c613b588f25e6a113df.png:0
[ 1301908ms] [ERROR] Failed to load resource: net::ERR_CONNECTION_REFUSED @ http://qdl.pr.dengun.net/uploads/media/21caa219ebf0ded5317e5fa790bcf698.jpg:0
[ 1301909ms] [ERROR] Failed to load resource: net::ERR_CONNECTION_REFUSED @ http://qdl.pr.dengun.net/uploads/media/9607dd36cde4f75e4bc6b8efb628c72c.jpg:0
[ 1301909ms] [ERROR] Failed to load resource: net::ERR_CONNECTION_REFUSED @ http://qdl.pr.dengun.net/uploads/media/41b6d94963193cd92f50838753e456bd.jpg:0
[ 1302059ms] [WARNING] Google Maps JavaScript API has been loaded directly without loading=async. This can result in suboptimal performance. For best-practice loading patterns please see https://goo.gle/js-api-loading @ https://maps.googleapis.com/maps/api/js?sensor=false&key=AIzaSyCDAW8-BbX-1rjY0meRfSBdP4OUJ-Bn6us:336
[ 1302645ms] [ERROR] Failed to load resource: the server responded with a status of 404 (Not Found) @ http://localhost:8000/en/uploads/media/847fa3dd16aa4b5d3f11c8e2021928a8.jpg/:0
[ 1302777ms] [ERROR] Failed to load resource: the server responded with a status of 403 () @ https://kit.fontawesome.com/45e81abf1c.js:0
[ 1302916ms] [WARNING] [Meta pixel] 411310346295331 is unavailable on this website due to it's traffic permission settings. Go to https://www.facebook.com/business/help/572690630080597 to learn more. @ https://connect.facebook.net/en_US/fbevents.js:181
[ 1302938ms] [LOG] Forms loaded @ https://cxppusa1formui01cdnsa01-endpoint.azureedge.net/eur/FormLoader/FormLoader.bundle.js:1
[ 1303008ms] [ERROR] Failed to load resource: the server responded with a status of 404 (Not Found) @ http://localhost:8000/en/uploads/media/25232e81430d3492d98410000194a58e.jpg/:0
[ 1307265ms] [WARNING] Google Maps JavaScript API warning: SensorNotRequired https://developers.google.com/maps/documentation/javascript/error-messages#sensor-not-required @ https://maps.googleapis.com/maps-api-v3/api/js/64/9c/intl/en_gb/util.js:29
