[     117ms] [ERROR] Failed to load resource: the server responded with a status of 404 (File not found) @ http://localhost:8080/assets/css.css:0
[     118ms] [ERROR] Failed to load resource: the server responded with a status of 404 (File not found) @ http://localhost:8080/assets/reusables.css:0
[     120ms] [ERROR] Failed to load resource: the server responded with a status of 404 (File not found) @ http://localhost:8080/assets/reusables.js:0
[     143ms] [LOG] Loading CSV from: EURUSD_M5_202603020000_202603170000.csv @ http://localhost:8080/index6.js?v=6:426
[     167ms] [LOG] CSV loaded and cached, length: 190132 rows: 3169 @ http://localhost:8080/index6.js?v=6:440
[     244ms] [LOG] Defaulting to SciChart Community Edition. Usage constitutes acceptance of our EULA and terms at https://www.scichart.com/community-licensing. See https://store.scichart.com for commercial licensing options. @ https://cdn.jsdelivr.net/npm/scichart@4.0.933/index.min.js:0
[     244ms] [LOG] The community license is valid for 6 months from the date the version in use was released.  This version 4.0.933 has 74 days remaining @ https://cdn.jsdelivr.net/npm/scichart@4.0.933/index.min.js:0
[     244ms] [LOG] SciChart is looking for a paid developer activation from the scichart licensing wizard... To disable this call SciChartSurface.UseCommunityLicense() @ https://cdn.jsdelivr.net/npm/scichart@4.0.933/index.min.js:0
[     273ms] [ERROR] Failed to load resource: net::ERR_CONNECTION_REFUSED @ http://localhost:24278/license:0
[    1146ms] [LOG] Fast Mode auto-enabled @ http://localhost:8080/index6.js?v=6:451
[    5280ms] [ERROR] Failed to load resource: net::ERR_CONNECTION_REFUSED @ http://localhost:24278/license:0
[   10283ms] [ERROR] Failed to load resource: net::ERR_CONNECTION_REFUSED @ http://localhost:24278/license:0
[   15286ms] [ERROR] Failed to load resource: net::ERR_CONNECTION_REFUSED @ http://localhost:24278/license:0
[   20289ms] [ERROR] Failed to load resource: net::ERR_CONNECTION_REFUSED @ http://localhost:24278/license:0
[   25292ms] [ERROR] Failed to load resource: net::ERR_CONNECTION_REFUSED @ http://localhost:24278/license:0
[   30296ms] [ERROR] Failed to load resource: net::ERR_CONNECTION_REFUSED @ http://localhost:24278/license:0
[   35299ms] [ERROR] Failed to load resource: net::ERR_CONNECTION_REFUSED @ http://localhost:24278/license:0
[   40301ms] [ERROR] Failed to load resource: net::ERR_CONNECTION_REFUSED @ http://localhost:24278/license:0
[   45303ms] [ERROR] Failed to load resource: net::ERR_CONNECTION_REFUSED @ http://localhost:24278/license:0
[   45303ms] [LOG] Failed to connect to licensing wizard. Refresh page to retry. @ https://cdn.jsdelivr.net/npm/scichart@4.0.933/index.min.js:0
[   99276ms] [LOG] Running optimized backtest with 3169 candles... @ http://localhost:8080/index6.js?v=6:2773
[   99403ms] TypeError: Cannot read properties of undefined (reading 'name')
    at renderComparisonChart (http://localhost:8080/index6.js?v=6:2929:47)
    at updateSavedResultsComparison (http://localhost:8080/index6.js?v=6:3108:3)
    at saveResultForComparison (http://localhost:8080/index6.js?v=6:3035:3)
    at http://localhost:8080/index6.js?v=6:2792:5
