[     101ms] [ERROR] Failed to load resource: the server responded with a status of 404 (File not found) @ http://localhost:8080/assets/css.css:0
[     101ms] [ERROR] Failed to load resource: the server responded with a status of 404 (File not found) @ http://localhost:8080/assets/reusables.css:0
[     105ms] [ERROR] Failed to load resource: the server responded with a status of 404 (File not found) @ http://localhost:8080/assets/reusables.js:0
[     127ms] [LOG] Loading CSV from: EURUSD_M5_202603020000_202603170000.csv @ http://localhost:8080/index6.js?v=8:445
[     163ms] TypeError: Cannot read properties of undefined (reading 'name')
    at renderComparisonChart (http://localhost:8080/index6.js?v=8:2948:47)
    at updateSavedResultsComparison (http://localhost:8080/index6.js?v=8:3127:3)
    at HTMLDocument.<anonymous> (http://localhost:8080/index6.js?v=8:1069:5)
[     166ms] [LOG] CSV loaded and cached, length: 190132 rows: 3169 @ http://localhost:8080/index6.js?v=8:459
[     236ms] [LOG] Defaulting to SciChart Community Edition. Usage constitutes acceptance of our EULA and terms at https://www.scichart.com/community-licensing. See https://store.scichart.com for commercial licensing options. @ https://cdn.jsdelivr.net/npm/scichart@4.0.933/index.min.js:0
[     236ms] [LOG] The community license is valid for 6 months from the date the version in use was released.  This version 4.0.933 has 74 days remaining @ https://cdn.jsdelivr.net/npm/scichart@4.0.933/index.min.js:0
[     237ms] [LOG] SciChart is looking for a paid developer activation from the scichart licensing wizard... To disable this call SciChartSurface.UseCommunityLicense() @ https://cdn.jsdelivr.net/npm/scichart@4.0.933/index.min.js:0
[     257ms] [ERROR] Failed to load resource: net::ERR_CONNECTION_REFUSED @ http://localhost:24278/license:0
[    1129ms] [LOG] Fast Mode auto-enabled @ http://localhost:8080/index6.js?v=8:470
[    5221ms] [LOG] Running optimized backtest with 3169 candles... @ http://localhost:8080/index6.js?v=8:2792
[    5261ms] [ERROR] Failed to load resource: net::ERR_CONNECTION_REFUSED @ http://localhost:24278/license:0
[    5302ms] [LOG] 📊 SIGNAL DEBUG: TTR=1353, ATR=3040, MA=0, CSID=912, ALL=0, maxAccel=0.00000000, minAccel=0.00000000 @ http://localhost:8080/index6.js?v=8:320
[    5305ms] TypeError: Cannot read properties of undefined (reading 'name')
    at renderComparisonChart (http://localhost:8080/index6.js?v=8:2948:47)
    at displayBacktestResult (http://localhost:8080/index6.js?v=8:3025:3)
    at http://localhost:8080/index6.js?v=8:2808:5
[   10264ms] [ERROR] Failed to load resource: net::ERR_CONNECTION_REFUSED @ http://localhost:24278/license:0
[   15267ms] [ERROR] Failed to load resource: net::ERR_CONNECTION_REFUSED @ http://localhost:24278/license:0
[   20273ms] [ERROR] Failed to load resource: net::ERR_CONNECTION_REFUSED @ http://localhost:24278/license:0
[   25276ms] [ERROR] Failed to load resource: net::ERR_CONNECTION_REFUSED @ http://localhost:24278/license:0
[   30277ms] [ERROR] Failed to load resource: net::ERR_CONNECTION_REFUSED @ http://localhost:24278/license:0
[   35281ms] [ERROR] Failed to load resource: net::ERR_CONNECTION_REFUSED @ http://localhost:24278/license:0
[   40284ms] [ERROR] Failed to load resource: net::ERR_CONNECTION_REFUSED @ http://localhost:24278/license:0
[   45287ms] [ERROR] Failed to load resource: net::ERR_CONNECTION_REFUSED @ http://localhost:24278/license:0
[   45287ms] [LOG] Failed to connect to licensing wizard. Refresh page to retry. @ https://cdn.jsdelivr.net/npm/scichart@4.0.933/index.min.js:0
