[   14500ms] [ERROR] Refused to get unsafe header "X-Sg-Cs" @ https://www.google.com/:25
[   14500ms] [ERROR] Refused to get unsafe header "X-Sorry-Redirect" @ https://www.google.com/:25
[   14604ms] [ERROR] Refused to get unsafe header "X-Sg-Cs" @ https://www.google.com/:25
[   14604ms] [ERROR] Refused to get unsafe header "X-Sorry-Redirect" @ https://www.google.com/:25
[   15037ms] [ERROR] Refused to get unsafe header "X-Sg-Cs" @ https://www.google.com/:25
[   15037ms] [ERROR] Refused to get unsafe header "X-Sorry-Redirect" @ https://www.google.com/:25
[   15331ms] [ERROR] Refused to get unsafe header "X-Sg-Cs" @ https://www.google.com/:25
[   15332ms] [ERROR] Refused to get unsafe header "X-Sorry-Redirect" @ https://www.google.com/:25
[  135371ms] [ERROR] Refused to get unsafe header "X-Sg-Cs" @ https://www.google.com/:25
[  135371ms] [ERROR] Refused to get unsafe header "X-Sorry-Redirect" @ https://www.google.com/:25
[  135376ms] [ERROR] Refused to get unsafe header "X-Sg-Cs" @ https://www.google.com/:25
[  135378ms] [ERROR] Refused to get unsafe header "X-Sorry-Redirect" @ https://www.google.com/:25
[  135699ms] [ERROR] Refused to get unsafe header "X-Sg-Cs" @ https://www.google.com/:25
[  135700ms] [ERROR] Refused to get unsafe header "X-Sorry-Redirect" @ https://www.google.com/:25
[  136263ms] [ERROR] Refused to get unsafe header "X-Sg-Cs" @ https://www.google.com/:25
[  136263ms] [ERROR] Refused to get unsafe header "X-Sorry-Redirect" @ https://www.google.com/:25
[  435850ms] [ERROR] Refused to get unsafe header "X-Sg-Cs" @ https://www.google.com/:25
[  435850ms] [ERROR] Refused to get unsafe header "X-Sorry-Redirect" @ https://www.google.com/:25
[  735907ms] [ERROR] Refused to get unsafe header "X-Sg-Cs" @ https://www.google.com/:25
[  735907ms] [ERROR] Refused to get unsafe header "X-Sorry-Redirect" @ https://www.google.com/:25
[ 1035939ms] [ERROR] Refused to get unsafe header "X-Sg-Cs" @ https://www.google.com/:25
[ 1035939ms] [ERROR] Refused to get unsafe header "X-Sorry-Redirect" @ https://www.google.com/:25
[ 1301462ms] [ERROR] Refused to get unsafe header "X-Sg-Cs" @ https://www.google.com/:25
[ 1301462ms] [ERROR] Refused to get unsafe header "X-Sorry-Redirect" @ https://www.google.com/:25
[ 1301485ms] [ERROR] Refused to get unsafe header "X-Sg-Cs" @ https://www.google.com/:25
[ 1301485ms] [ERROR] Refused to get unsafe header "X-Sorry-Redirect" @ https://www.google.com/:25
[ 1301682ms] [ERROR] Refused to get unsafe header "X-Sg-Cs" @ https://www.google.com/:25
[ 1301682ms] [ERROR] Refused to get unsafe header "X-Sorry-Redirect" @ https://www.google.com/:25
[ 1302335ms] [ERROR] Refused to get unsafe header "X-Sg-Cs" @ https://www.google.com/:25
[ 1302335ms] [ERROR] Refused to get unsafe header "X-Sorry-Redirect" @ https://www.google.com/:25
